  [mgn seed=0] epoch    1 graphs=168 loss=1.985e+01 pattern=9.857e-01 amp=1.426e+00 phys=1.743e+03 lr=1.0e-03
  [mgn seed=0] epoch   25 graphs=168 loss=4.667e-01 pattern=3.463e-02 amp=2.574e-01 phys=1.746e+01 lr=9.8e-04
  [mgn seed=0] epoch   50 graphs=168 loss=2.427e-01 pattern=1.568e-02 amp=1.254e-01 phys=1.015e+01 lr=9.3e-04
  [mgn seed=0] epoch   75 graphs=168 loss=2.815e-01 pattern=9.955e-03 amp=1.280e-01 phys=1.435e+01 lr=8.5e-04
  [mgn seed=0] epoch  100 graphs=168 loss=2.338e-01 pattern=8.201e-03 amp=1.073e-01 phys=1.183e+01 lr=7.5e-04
  [mgn seed=0] epoch  125 graphs=168 loss=1.354e-01 pattern=5.369e-03 amp=6.210e-02 phys=6.789e+00 lr=6.3e-04
  [mgn seed=0] epoch  150 graphs=168 loss=1.262e-01 pattern=5.294e-03 amp=5.258e-02 phys=6.834e+00 lr=5.0e-04
  [mgn seed=0] epoch  175 graphs=168 loss=1.001e-01 pattern=2.742e-03 amp=3.375e-02 phys=6.357e+00 lr=3.7e-04
  [mgn seed=0] epoch  200 graphs=168 loss=1.340e-01 pattern=2.024e-03 amp=3.731e-02 phys=9.463e+00 lr=2.5e-04
  [mgn seed=0] epoch  225 graphs=168 loss=4.084e-02 pattern=1.119e-03 amp=1.728e-02 phys=2.244e+00 lr=1.5e-04
  [mgn seed=0] epoch  250 graphs=168 loss=2.611e-02 pattern=8.300e-04 amp=9.885e-03 phys=1.539e+00 lr=6.8e-05
  [mgn seed=0] epoch  275 graphs=168 loss=1.489e-02 pattern=5.597e-04 amp=5.743e-03 phys=8.585e-01 lr=1.8e-05
  [mgn seed=0] epoch  300 graphs=168 loss=1.179e-02 pattern=5.361e-04 amp=4.358e-03 phys=6.898e-01 lr=1.0e-06
train subset median err 0.018240205012261868 max 0.6590507626533508
beam_end_shear_L7_D1_70x10               0.4267
beam_end_shear_L4_D1_48x12               0.0522
beam_udl_L7_D1_56x8                      0.3374
beam_gravity_L5_D1_50x10                 0.4104
hole_a0.25_s1,0_28x14                    0.0167
hole_a0.25_s1,1_40x20                    0.0187
hole_a0.2_s1,0.5_36x18                   0.3940
plate_left_gravity_1.5x1_n18             0.0629
plate_bottom_lateral_1x1_n20             0.0751
