  [mgn seed=0] epoch    1 graphs= 60 loss=4.759e+00 pattern=1.374e+00 amp=1.412e+00 phys=1.973e+02 lr=1.0e-03
  [mgn seed=0] epoch   25 graphs= 60 loss=4.245e-02 pattern=1.651e-02 amp=1.009e-02 phys=1.586e+00 lr=9.8e-04
  [mgn seed=0] epoch   50 graphs= 60 loss=1.278e-02 pattern=4.519e-03 amp=4.377e-03 phys=3.879e-01 lr=9.3e-04
  [mgn seed=0] epoch   75 graphs= 60 loss=3.005e-02 pattern=5.176e-03 amp=2.054e-02 phys=4.328e-01 lr=8.5e-04
  [mgn seed=0] epoch  100 graphs= 60 loss=1.431e-03 pattern=3.322e-04 amp=5.420e-04 phys=5.564e-02 lr=7.5e-04
  [mgn seed=0] epoch  125 graphs= 60 loss=1.301e-03 pattern=4.005e-04 amp=3.812e-04 phys=5.191e-02 lr=6.3e-04
  [mgn seed=0] epoch  150 graphs= 60 loss=7.038e-04 pattern=1.999e-04 amp=2.207e-04 phys=2.832e-02 lr=5.0e-04
  [mgn seed=0] epoch  175 graphs= 60 loss=2.696e-04 pattern=6.629e-05 amp=3.204e-05 phys=1.712e-02 lr=3.7e-04
  [mgn seed=0] epoch  200 graphs= 60 loss=1.977e-04 pattern=4.789e-05 amp=2.304e-05 phys=1.268e-02 lr=2.5e-04
  [mgn seed=0] epoch  225 graphs= 60 loss=1.520e-04 pattern=3.581e-05 amp=1.052e-05 phys=1.057e-02 lr=1.5e-04
  [mgn seed=0] epoch  250 graphs= 60 loss=1.385e-04 pattern=3.207e-05 amp=9.996e-06 phys=9.643e-03 lr=6.8e-05
  [mgn seed=0] epoch  275 graphs= 60 loss=1.280e-04 pattern=2.920e-05 amp=6.962e-06 phys=9.182e-03 lr=1.8e-05
  [mgn seed=0] epoch  300 graphs= 60 loss=1.256e-04 pattern=2.848e-05 amp=6.211e-06 phys=9.089e-03 lr=1.0e-06
head train median 0.005556038580834866
  head hole_a0.25_s1,0_28x14                0.0135
  head hole_a0.25_s1,1_40x20                0.0095
  head hole_a0.2_s1,0.5_36x18               0.4587
ritz train median 0.005709503078833222
  ritz hole_a0.25_s1,0_28x14                0.0085
  ritz hole_a0.25_s1,1_40x20                0.0088
  ritz hole_a0.2_s1,0.5_36x18               0.4638
