  [mgn seed=0] epoch    1 graphs=192 loss=1.788e+01 pattern=9.749e-01 amp=1.133e+00 phys=1.577e+03 lr=1.0e-03
  [mgn seed=0] epoch   25 graphs=192 loss=4.064e-01 pattern=3.299e-02 amp=1.946e-01 phys=1.788e+01 lr=9.8e-04
  [mgn seed=0] epoch   50 graphs=192 loss=2.478e-01 pattern=1.617e-02 amp=1.365e-01 phys=9.506e+00 lr=9.3e-04
  [mgn seed=0] epoch   75 graphs=192 loss=2.633e-01 pattern=1.777e-02 amp=1.327e-01 phys=1.128e+01 lr=8.5e-04
  [mgn seed=0] epoch  100 graphs=192 loss=2.478e-01 pattern=6.816e-03 amp=1.030e-01 phys=1.380e+01 lr=7.5e-04
  [mgn seed=0] epoch  125 graphs=192 loss=1.726e-01 pattern=6.941e-03 amp=8.959e-02 phys=7.612e+00 lr=6.3e-04
  [mgn seed=0] epoch  150 graphs=192 loss=1.330e-01 pattern=4.727e-03 amp=7.600e-02 phys=5.228e+00 lr=5.0e-04
  [mgn seed=0] epoch  175 graphs=192 loss=1.181e-01 pattern=3.763e-03 amp=4.791e-02 phys=6.645e+00 lr=3.7e-04
  [mgn seed=0] epoch  200 graphs=192 loss=7.999e-02 pattern=1.871e-03 amp=3.780e-02 phys=4.031e+00 lr=2.5e-04
  [mgn seed=0] epoch  225 graphs=192 loss=4.820e-02 pattern=1.452e-03 amp=2.177e-02 phys=2.498e+00 lr=1.5e-04
  [mgn seed=0] epoch  250 graphs=192 loss=2.639e-02 pattern=9.124e-04 amp=1.194e-02 phys=1.354e+00 lr=6.8e-05
  [mgn seed=0] epoch  275 graphs=192 loss=1.710e-02 pattern=6.764e-04 amp=7.681e-03 phys=8.740e-01 lr=1.8e-05
  [mgn seed=0] epoch  300 graphs=192 loss=1.417e-02 pattern=5.949e-04 amp=5.996e-03 phys=7.580e-01 lr=1.0e-06
  [mgn seed=1] epoch    1 graphs=192 loss=6.257e+00 pattern=9.014e-01 amp=1.292e+00 phys=4.064e+02 lr=1.0e-03
  [mgn seed=1] epoch   25 graphs=192 loss=3.862e-01 pattern=3.827e-02 amp=2.391e-01 phys=1.088e+01 lr=9.8e-04
  [mgn seed=1] epoch   50 graphs=192 loss=3.814e-01 pattern=2.132e-02 amp=1.733e-01 phys=1.869e+01 lr=9.3e-04
  [mgn seed=1] epoch   75 graphs=192 loss=2.644e-01 pattern=1.461e-02 amp=1.318e-01 phys=1.180e+01 lr=8.5e-04
  [mgn seed=1] epoch  100 graphs=192 loss=2.264e-01 pattern=7.891e-03 amp=1.101e-01 phys=1.085e+01 lr=7.5e-04
  [mgn seed=1] epoch  125 graphs=192 loss=1.622e-01 pattern=5.984e-03 amp=8.883e-02 phys=6.742e+00 lr=6.3e-04
  [mgn seed=1] epoch  150 graphs=192 loss=1.341e-01 pattern=6.613e-03 amp=7.217e-02 phys=5.536e+00 lr=5.0e-04
  [mgn seed=1] epoch  175 graphs=192 loss=1.100e-01 pattern=3.160e-03 amp=5.834e-02 phys=4.848e+00 lr=3.7e-04
  [mgn seed=1] epoch  200 graphs=192 loss=8.872e-02 pattern=2.782e-03 amp=4.190e-02 phys=4.404e+00 lr=2.5e-04
  [mgn seed=1] epoch  225 graphs=192 loss=6.991e-02 pattern=1.512e-03 amp=2.534e-02 phys=4.306e+00 lr=1.5e-04
  [mgn seed=1] epoch  250 graphs=192 loss=3.200e-02 pattern=9.442e-04 amp=1.264e-02 phys=1.841e+00 lr=6.8e-05
  [mgn seed=1] epoch  275 graphs=192 loss=1.878e-02 pattern=8.320e-04 amp=7.659e-03 phys=1.029e+00 lr=1.8e-05
  [mgn seed=1] epoch  300 graphs=192 loss=1.422e-02 pattern=7.396e-04 amp=5.544e-03 phys=7.941e-01 lr=1.0e-06
  [mgn seed=2] epoch    1 graphs=192 loss=2.427e+01 pattern=1.234e+00 amp=1.436e+00 phys=2.160e+03 lr=1.0e-03
  [mgn seed=2] epoch   25 graphs=192 loss=3.858e-01 pattern=3.273e-02 amp=2.135e-01 phys=1.396e+01 lr=9.8e-04
  [mgn seed=2] epoch   50 graphs=192 loss=2.952e-01 pattern=1.980e-02 amp=1.470e-01 phys=1.285e+01 lr=9.3e-04
  [mgn seed=2] epoch   75 graphs=192 loss=3.059e-01 pattern=1.403e-02 amp=1.365e-01 phys=1.553e+01 lr=8.5e-04
  [mgn seed=2] epoch  100 graphs=192 loss=1.901e-01 pattern=9.498e-03 amp=8.004e-02 phys=1.006e+01 lr=7.5e-04
  [mgn seed=2] epoch  125 graphs=192 loss=1.562e-01 pattern=6.417e-03 amp=7.257e-02 phys=7.726e+00 lr=6.3e-04
  [mgn seed=2] epoch  150 graphs=192 loss=1.050e-01 pattern=4.277e-03 amp=5.524e-02 phys=4.551e+00 lr=5.0e-04
  [mgn seed=2] epoch  175 graphs=192 loss=1.199e-01 pattern=3.884e-03 amp=5.890e-02 phys=5.717e+00 lr=3.7e-04
  [mgn seed=2] epoch  200 graphs=192 loss=9.851e-02 pattern=2.820e-03 amp=4.839e-02 phys=4.730e+00 lr=2.5e-04
  [mgn seed=2] epoch  225 graphs=192 loss=5.012e-02 pattern=1.713e-03 amp=2.367e-02 phys=2.473e+00 lr=1.5e-04
  [mgn seed=2] epoch  250 graphs=192 loss=3.138e-02 pattern=1.144e-03 amp=1.444e-02 phys=1.580e+00 lr=6.8e-05
  [mgn seed=2] epoch  275 graphs=192 loss=1.909e-02 pattern=8.004e-04 amp=8.097e-03 phys=1.019e+00 lr=1.8e-05
  [mgn seed=2] epoch  300 graphs=192 loss=1.461e-02 pattern=8.047e-04 amp=6.007e-03 phys=7.799e-01 lr=1.0e-06
beam_end_shear_L7_D1_70x10             n=  781 ensemble=0.3871 members=[0.3996, 0.4106, 0.351]
beam_end_shear_L4_D1_48x12             n=  637 ensemble=0.0610 members=[0.0798, 0.074, 0.0611]
beam_udl_L7_D1_56x8                    n=  513 ensemble=0.2753 members=[0.284, 0.2636, 0.2783]
beam_gravity_L5_D1_50x10               n=  561 ensemble=0.4108 members=[0.415, 0.4029, 0.4145]
hole_a0.25_s1,0_28x14                  n=  435 ensemble=0.0186 members=[0.0303, 0.0188, 0.015]
hole_a0.25_s1,1_40x20                  n=  861 ensemble=0.0346 members=[0.0401, 0.056, 0.0208]
hole_a0.2_s1,0.5_36x18                 n=  703 ensemble=0.0300 members=[0.0186, 0.0489, 0.0435]
plate_left_gravity_1.5x1_n18           n=  247 ensemble=0.0652 members=[0.066, 0.07, 0.0606]
plate_bottom_lateral_1x1_n20           n=  441 ensemble=0.0615 members=[0.058, 0.0681, 0.0649]
beam_end_shear_L7_D1_70x10             dofs=  1562 FEA=    9.7ms MGN=   63.7ms PCG0=    7.5ms(239) PCG+MGN=   74.3ms(340)
beam_end_shear_L4_D1_48x12             dofs=  1274 FEA=    8.0ms MGN=   57.8ms PCG0=    5.2ms(181) PCG+MGN=   65.3ms(263)
beam_udl_L7_D1_56x8                    dofs=  1026 FEA=    6.0ms MGN=   54.3ms PCG0=    7.0ms(267) PCG+MGN=   61.3ms(270)
beam_gravity_L5_D1_50x10               dofs=  1122 FEA=    7.4ms MGN=   56.1ms PCG0=    4.9ms(175) PCG+MGN=   63.4ms(262)
hole_a0.25_s1,0_28x14                  dofs=   870 FEA=    5.6ms MGN=   45.3ms PCG0=    4.0ms(208) PCG+MGN=   49.1ms(196)
hole_a0.25_s1,1_40x20                  dofs=  1722 FEA=   11.4ms MGN=   66.1ms PCG0=    7.1ms(198) PCG+MGN=   76.2ms(292)
hole_a0.2_s1,0.5_36x18                 dofs=  1406 FEA=    9.1ms MGN=   60.6ms PCG0=    8.6ms(282) PCG+MGN=   69.2ms(267)
plate_left_gravity_1.5x1_n18           dofs=   494 FEA=    3.5ms MGN=   35.7ms PCG0=    1.3ms(85) PCG+MGN=   37.6ms(124)
plate_bottom_lateral_1x1_n20           dofs=   882 FEA=    6.3ms MGN=   46.3ms PCG0=    2.0ms(109) PCG+MGN=   49.2ms(159)
beam_end_shear_L7_D1_140x20            dofs=  5922 FEA=   44.6ms MGN=  136.8ms PCG0=   40.1ms(480) PCG+MGN=  193.4ms(681)
beam_end_shear_L7_D1_280x40            dofs= 23042 FEA=  306.2ms MGN=  498.0ms PCG0=  251.9ms(960) PCG+MGN=  855.2ms(1365)
hole_a0.25_s1,1_80x40                  dofs=  6642 FEA=   62.9ms MGN=  147.1ms PCG0=   36.7ms(412) PCG+MGN=  202.7ms(624)
hole_a0.25_s1,1_160x80                 dofs= 26082 FEA=  329.8ms MGN=  524.0ms PCG0=  243.6ms(844) PCG+MGN=  907.1ms(1313)
plate_left_gravity_1.5x1_n60           dofs=  5002 FEA=   46.4ms MGN=  122.0ms PCG0=   21.3ms(290) PCG+MGN=  153.6ms(438)
plate_left_gravity_1.5x1_n120          dofs= 19602 FEA=  251.0ms MGN=  413.3ms PCG0=  127.6ms(585) PCG+MGN=  611.2ms(908)
