  [timoshenko_beam seed=0] adam     0 loss=3.568e+04 lr=1.0e-03
  [timoshenko_beam seed=0] adam  1000 loss=5.817e+00 lr=7.5e-04
  [timoshenko_beam seed=0] adam  2000 loss=3.583e+00 lr=2.6e-04
  [timoshenko_beam seed=0] adam  2999 loss=3.272e+00 lr=1.0e-05
  [timoshenko_beam seed=0] final strong-form loss=1.845e-04
  [timoshenko_beam seed=1] adam     0 loss=3.058e+03 lr=1.0e-03
  [timoshenko_beam seed=1] adam  1000 loss=3.138e+00 lr=7.5e-04
  [timoshenko_beam seed=1] adam  2000 loss=1.948e+00 lr=2.6e-04
  [timoshenko_beam seed=1] adam  2999 loss=1.656e+00 lr=1.0e-05
  [timoshenko_beam seed=1] final strong-form loss=1.567e-04
  [timoshenko_beam seed=2] adam     0 loss=2.236e+04 lr=1.0e-03
  [timoshenko_beam seed=2] adam  1000 loss=3.604e+00 lr=7.5e-04
  [timoshenko_beam seed=2] adam  2000 loss=2.279e+00 lr=2.6e-04
  [timoshenko_beam seed=2] adam  2999 loss=2.041e+00 lr=1.0e-05
  [timoshenko_beam seed=2] final strong-form loss=1.099e-04
timoshenko_beam: ensemble rel-L2 vs FEA = 0.0104  members = [0.009, 0.0125, 0.0097]
  [cantilever_udl seed=0] adam     0 loss=1.315e+00 lr=1.0e-03
  [cantilever_udl seed=0] adam  1000 loss=-8.714e-04 lr=7.5e-04
  [cantilever_udl seed=0] adam  2000 loss=-9.813e-04 lr=2.6e-04
  [cantilever_udl seed=0] adam  2999 loss=-1.000e-03 lr=1.0e-05
  [cantilever_udl seed=0] final strong-form loss=3.488e+02
  [cantilever_udl seed=1] adam     0 loss=8.243e-02 lr=1.0e-03
  [cantilever_udl seed=1] adam  1000 loss=-1.069e-03 lr=7.5e-04
  [cantilever_udl seed=1] adam  2000 loss=-1.098e-03 lr=2.6e-04
  [cantilever_udl seed=1] adam  2999 loss=-1.101e-03 lr=1.0e-05
  [cantilever_udl seed=1] final strong-form loss=4.182e+02
  [cantilever_udl seed=2] adam     0 loss=7.525e-01 lr=1.0e-03
  [cantilever_udl seed=2] adam  1000 loss=-9.630e-04 lr=7.5e-04
  [cantilever_udl seed=2] adam  2000 loss=-1.052e-03 lr=2.6e-04
  [cantilever_udl seed=2] adam  2999 loss=-1.064e-03 lr=1.0e-05
  [cantilever_udl seed=2] final strong-form loss=2.474e+02
cantilever_udl: ensemble rel-L2 vs FEA = 0.0079  members = [0.0081, 0.0089, 0.0067]
  [plate_hole_uniaxial seed=0] adam     0 loss=8.824e+00 lr=1.0e-03
  [plate_hole_uniaxial seed=0] adam  1000 loss=1.350e-01 lr=7.5e-04
  [plate_hole_uniaxial seed=0] adam  2000 loss=1.274e-01 lr=2.6e-04
  [plate_hole_uniaxial seed=0] adam  2999 loss=1.263e-01 lr=1.0e-05
  [plate_hole_uniaxial seed=0] final strong-form loss=2.577e-04
  [plate_hole_uniaxial seed=1] adam     0 loss=3.913e+00 lr=1.0e-03
  [plate_hole_uniaxial seed=1] adam  1000 loss=1.331e-01 lr=7.5e-04
  [plate_hole_uniaxial seed=1] adam  2000 loss=1.258e-01 lr=2.6e-04
  [plate_hole_uniaxial seed=1] adam  2999 loss=1.248e-01 lr=1.0e-05
  [plate_hole_uniaxial seed=1] final strong-form loss=3.301e-04
  [plate_hole_uniaxial seed=2] adam     0 loss=1.183e+01 lr=1.0e-03
  [plate_hole_uniaxial seed=2] adam  1000 loss=1.435e-01 lr=7.5e-04
  [plate_hole_uniaxial seed=2] adam  2000 loss=1.335e-01 lr=2.6e-04
  [plate_hole_uniaxial seed=2] adam  2999 loss=1.320e-01 lr=1.0e-05
  [plate_hole_uniaxial seed=2] final strong-form loss=5.138e-04
plate_hole_uniaxial: ensemble rel-L2 vs FEA = 0.0130  members = [0.0113, 0.0104, 0.0175]
  [plate_hole_biaxial seed=0] adam     0 loss=1.307e+01 lr=1.0e-03
  [plate_hole_biaxial seed=0] adam  1000 loss=3.491e-01 lr=7.5e-04
  [plate_hole_biaxial seed=0] adam  2000 loss=3.026e-01 lr=2.6e-04
  [plate_hole_biaxial seed=0] adam  2999 loss=1.854e-01 lr=1.0e-05
  [plate_hole_biaxial seed=0] final strong-form loss=5.577e-05
  [plate_hole_biaxial seed=1] adam     0 loss=5.467e+00 lr=1.0e-03
  [plate_hole_biaxial seed=1] adam  1000 loss=3.251e-01 lr=7.5e-04
  [plate_hole_biaxial seed=1] adam  2000 loss=4.856e-03 lr=2.6e-04
  [plate_hole_biaxial seed=1] adam  2999 loss=3.159e-03 lr=1.0e-05
  [plate_hole_biaxial seed=1] final strong-form loss=5.059e-05
  [plate_hole_biaxial seed=2] adam     0 loss=1.590e+01 lr=1.0e-03
  [plate_hole_biaxial seed=2] adam  1000 loss=3.563e-01 lr=7.5e-04
  [plate_hole_biaxial seed=2] adam  2000 loss=3.405e-01 lr=2.6e-04
  [plate_hole_biaxial seed=2] adam  2999 loss=3.366e-01 lr=1.0e-05
  [plate_hole_biaxial seed=2] final strong-form loss=4.578e-05
plate_hole_biaxial: ensemble rel-L2 vs FEA = 0.0014  members = [0.0015, 0.0027, 0.0012]
  [square_gravity seed=0] adam     0 loss=2.617e-01 lr=1.0e-03
  [square_gravity seed=0] adam  1000 loss=-7.703e-01 lr=7.5e-04
  [square_gravity seed=0] adam  2000 loss=-7.716e-01 lr=2.6e-04
  [square_gravity seed=0] adam  2999 loss=-7.718e-01 lr=1.0e-05
  [square_gravity seed=0] final strong-form loss=2.014e+09
  [square_gravity seed=1] adam     0 loss=1.426e-01 lr=1.0e-03
  [square_gravity seed=1] adam  1000 loss=-7.707e-01 lr=7.5e-04
  [square_gravity seed=1] adam  2000 loss=-7.719e-01 lr=2.6e-04
  [square_gravity seed=1] adam  2999 loss=-7.721e-01 lr=1.0e-05
  [square_gravity seed=1] final strong-form loss=7.135e+08
  [square_gravity seed=2] adam     0 loss=2.139e-01 lr=1.0e-03
  [square_gravity seed=2] adam  1000 loss=-7.694e-01 lr=7.5e-04
  [square_gravity seed=2] adam  2000 loss=-7.707e-01 lr=2.6e-04
  [square_gravity seed=2] adam  2999 loss=-7.709e-01 lr=1.0e-05
  [square_gravity seed=2] final strong-form loss=1.344e+09
square_gravity: ensemble rel-L2 vs FEA = 0.3509  members = [0.3579, 0.2837, 0.4139]
