  [cantilever_udl seed=0] adam     0 loss=1.315e+00 lr=1.0e-03
  [cantilever_udl seed=0] adam  1000 loss=-8.714e-04 lr=7.5e-04
  [cantilever_udl seed=0] adam  2000 loss=-9.813e-04 lr=2.6e-04
  [cantilever_udl seed=0] adam  2999 loss=-1.000e-03 lr=1.0e-05
  [cantilever_udl seed=0] final strong-form loss=4.058e+02
  [cantilever_udl seed=1] adam     0 loss=8.243e-02 lr=1.0e-03
  [cantilever_udl seed=1] adam  1000 loss=-1.069e-03 lr=7.5e-04
  [cantilever_udl seed=1] adam  2000 loss=-1.098e-03 lr=2.6e-04
  [cantilever_udl seed=1] adam  2999 loss=-1.101e-03 lr=1.0e-05
  [cantilever_udl seed=1] final strong-form loss=4.274e+02
  [cantilever_udl seed=2] adam     0 loss=7.525e-01 lr=1.0e-03
  [cantilever_udl seed=2] adam  1000 loss=-9.630e-04 lr=7.5e-04
  [cantilever_udl seed=2] adam  2000 loss=-1.052e-03 lr=2.6e-04
  [cantilever_udl seed=2] adam  2999 loss=-1.064e-03 lr=1.0e-05
  [cantilever_udl seed=2] final strong-form loss=5.401e+02
cantilever_udl: ensemble rel-L2 vs FEA = 0.0738  members = [0.1247, 0.0309, 0.0661]
  [square_gravity seed=0] adam     0 loss=2.617e-01 lr=1.0e-03
  [square_gravity seed=0] adam  1000 loss=-7.703e-01 lr=7.5e-04
  [square_gravity seed=0] adam  2000 loss=-7.716e-01 lr=2.6e-04
  [square_gravity seed=0] adam  2999 loss=-7.718e-01 lr=1.0e-05
  [square_gravity seed=0] final strong-form loss=8.999e+00
  [square_gravity seed=1] adam     0 loss=1.426e-01 lr=1.0e-03
  [square_gravity seed=1] adam  1000 loss=-7.707e-01 lr=7.5e-04
  [square_gravity seed=1] adam  2000 loss=-7.719e-01 lr=2.6e-04
  [square_gravity seed=1] adam  2999 loss=-7.721e-01 lr=1.0e-05
  [square_gravity seed=1] final strong-form loss=7.947e+00
  [square_gravity seed=2] adam     0 loss=2.139e-01 lr=1.0e-03
  [square_gravity seed=2] adam  1000 loss=-7.694e-01 lr=7.5e-04
  [square_gravity seed=2] adam  2000 loss=-7.707e-01 lr=2.6e-04
  [square_gravity seed=2] adam  2999 loss=-7.709e-01 lr=1.0e-05
  [square_gravity seed=2] final strong-form loss=5.553e+00
square_gravity: ensemble rel-L2 vs FEA = 0.0040  members = [0.0044, 0.0045, 0.0032]
